Archive member included because of file (symbol)

f:/courses/basic2on130123/tools/sdk_win_64/winavr/bin/../lib/gcc/avr/4.3.3/avr5\libgcc.a(_mulsi3.o)
                              ./libraries/MAP.o (__mulsi3)
f:/courses/basic2on130123/tools/sdk_win_64/winavr/bin/../lib/gcc/avr/4.3.3/avr5\libgcc.a(_udivmodhi4.o)
                              ./1-HAL/LM35/LM_prog.o (__udivmodhi4)
f:/courses/basic2on130123/tools/sdk_win_64/winavr/bin/../lib/gcc/avr/4.3.3/avr5\libgcc.a(_udivmodsi4.o)
                              ./1-HAL/voltameter/AVO_prog.o (__udivmodsi4)
f:/courses/basic2on130123/tools/sdk_win_64/winavr/bin/../lib/gcc/avr/4.3.3/avr5\libgcc.a(_divmodsi4.o)
                              ./libraries/MAP.o (__divmodsi4)
f:/courses/basic2on130123/tools/sdk_win_64/winavr/bin/../lib/gcc/avr/4.3.3/avr5\libgcc.a(_exit.o)
                              f:/courses/basic2on130123/tools/sdk_win_64/winavr/bin/../lib/gcc/avr/4.3.3/../../../../avr/lib/avr5/crtm32.o (exit)
f:/courses/basic2on130123/tools/sdk_win_64/winavr/bin/../lib/gcc/avr/4.3.3/avr5\libgcc.a(_copy_data.o)
                              ./3-APP/GarageSys/GARAGE_prog.o (__do_copy_data)
f:/courses/basic2on130123/tools/sdk_win_64/winavr/bin/../lib/gcc/avr/4.3.3/avr5\libgcc.a(_clear_bss.o)
                              ./3-APP/GarageSys/GARAGE_prog.o (__do_clear_bss)
f:/courses/basic2on130123/tools/sdk_win_64/winavr/bin/../lib/gcc/avr/4.3.3/avr5\libgcc.a(_fixunssfsi.o)
                              ./3-APP/GarageSys/GARAGE_prog.o (__fixunssfsi)
f:/courses/basic2on130123/tools/sdk_win_64/winavr/bin/../lib/gcc/avr/4.3.3/avr5\libgcc.a(_addsub_sf.o)
                              f:/courses/basic2on130123/tools/sdk_win_64/winavr/bin/../lib/gcc/avr/4.3.3/avr5\libgcc.a(_fixunssfsi.o) (__subsf3)
f:/courses/basic2on130123/tools/sdk_win_64/winavr/bin/../lib/gcc/avr/4.3.3/avr5\libgcc.a(_mul_sf.o)
                              ./3-APP/GarageSys/GARAGE_prog.o (__mulsf3)
f:/courses/basic2on130123/tools/sdk_win_64/winavr/bin/../lib/gcc/avr/4.3.3/avr5\libgcc.a(_div_sf.o)
                              ./1-HAL/LDR/LDR_prog.o (__divsf3)
f:/courses/basic2on130123/tools/sdk_win_64/winavr/bin/../lib/gcc/avr/4.3.3/avr5\libgcc.a(_gt_sf.o)
                              ./3-APP/GarageSys/GARAGE_prog.o (__gtsf2)
f:/courses/basic2on130123/tools/sdk_win_64/winavr/bin/../lib/gcc/avr/4.3.3/avr5\libgcc.a(_ge_sf.o)
                              f:/courses/basic2on130123/tools/sdk_win_64/winavr/bin/../lib/gcc/avr/4.3.3/avr5\libgcc.a(_fixunssfsi.o) (__gesf2)
f:/courses/basic2on130123/tools/sdk_win_64/winavr/bin/../lib/gcc/avr/4.3.3/avr5\libgcc.a(_lt_sf.o)
                              ./3-APP/GarageSys/GARAGE_prog.o (__ltsf2)
f:/courses/basic2on130123/tools/sdk_win_64/winavr/bin/../lib/gcc/avr/4.3.3/avr5\libgcc.a(_sf_to_si.o)
                              f:/courses/basic2on130123/tools/sdk_win_64/winavr/bin/../lib/gcc/avr/4.3.3/avr5\libgcc.a(_fixunssfsi.o) (__fixsfsi)
f:/courses/basic2on130123/tools/sdk_win_64/winavr/bin/../lib/gcc/avr/4.3.3/avr5\libgcc.a(_thenan_sf.o)
                              f:/courses/basic2on130123/tools/sdk_win_64/winavr/bin/../lib/gcc/avr/4.3.3/avr5\libgcc.a(_addsub_sf.o) (__thenan_sf)
f:/courses/basic2on130123/tools/sdk_win_64/winavr/bin/../lib/gcc/avr/4.3.3/avr5\libgcc.a(_usi_to_sf.o)
                              ./1-HAL/LDR/LDR_prog.o (__floatunsisf)
f:/courses/basic2on130123/tools/sdk_win_64/winavr/bin/../lib/gcc/avr/4.3.3/avr5\libgcc.a(_prologue.o)
                              f:/courses/basic2on130123/tools/sdk_win_64/winavr/bin/../lib/gcc/avr/4.3.3/avr5\libgcc.a(_addsub_sf.o) (__prologue_saves__)
f:/courses/basic2on130123/tools/sdk_win_64/winavr/bin/../lib/gcc/avr/4.3.3/avr5\libgcc.a(_epilogue.o)
                              f:/courses/basic2on130123/tools/sdk_win_64/winavr/bin/../lib/gcc/avr/4.3.3/avr5\libgcc.a(_addsub_sf.o) (__epilogue_restores__)
f:/courses/basic2on130123/tools/sdk_win_64/winavr/bin/../lib/gcc/avr/4.3.3/avr5\libgcc.a(_clzsi2.o)
                              f:/courses/basic2on130123/tools/sdk_win_64/winavr/bin/../lib/gcc/avr/4.3.3/avr5\libgcc.a(_usi_to_sf.o) (__clzsi2)
f:/courses/basic2on130123/tools/sdk_win_64/winavr/bin/../lib/gcc/avr/4.3.3/avr5\libgcc.a(_pack_sf.o)
                              f:/courses/basic2on130123/tools/sdk_win_64/winavr/bin/../lib/gcc/avr/4.3.3/avr5\libgcc.a(_addsub_sf.o) (__pack_f)
f:/courses/basic2on130123/tools/sdk_win_64/winavr/bin/../lib/gcc/avr/4.3.3/avr5\libgcc.a(_unpack_sf.o)
                              f:/courses/basic2on130123/tools/sdk_win_64/winavr/bin/../lib/gcc/avr/4.3.3/avr5\libgcc.a(_addsub_sf.o) (__unpack_f)
f:/courses/basic2on130123/tools/sdk_win_64/winavr/bin/../lib/gcc/avr/4.3.3/avr5\libgcc.a(_fpcmp_parts_sf.o)
                              f:/courses/basic2on130123/tools/sdk_win_64/winavr/bin/../lib/gcc/avr/4.3.3/avr5\libgcc.a(_gt_sf.o) (__fpcmp_parts_f)
f:/courses/basic2on130123/tools/sdk_win_64/winavr/bin/../lib/gcc/avr/4.3.3/avr5\libgcc.a(_clz.o)
                              f:/courses/basic2on130123/tools/sdk_win_64/winavr/bin/../lib/gcc/avr/4.3.3/avr5\libgcc.a(_clzsi2.o) (__clz_tab)

Allocating common symbols
Common symbol       size              file

Gloabl_ADC_Chain_devicses
                    0x5               ./3-APP/GarageSys/GARAGE_prog.o

Memory Configuration

Name             Origin             Length             Attributes
text             0x00000000         0x00020000         xr
data             0x00800060         0x0000ffa0         rw !x
eeprom           0x00810000         0x00010000         rw !x
fuse             0x00820000         0x00000400         rw !x
lock             0x00830000         0x00000400         rw !x
signature        0x00840000         0x00000400         rw !x
*default*        0x00000000         0xffffffff

Linker script and memory map

LOAD f:/courses/basic2on130123/tools/sdk_win_64/winavr/bin/../lib/gcc/avr/4.3.3/../../../../avr/lib/avr5/crtm32.o
LOAD ./libraries/MAP.o
LOAD ./3-APP/GarageSys/GARAGE_prog.o
LOAD ./1-HAL/voltameter/AVO_prog.o
LOAD ./1-HAL/step_motor/STM_prog.o
LOAD ./1-HAL/SWITCH/SWITCH_prog.o
LOAD ./1-HAL/SSD/SSD_prog.o
LOAD ./1-HAL/LM35/LM_prog.o
LOAD ./1-HAL/LED/LED_prog.o
LOAD ./1-HAL/LDR/LDR_prog.o
LOAD ./1-HAL/KEYPAD/KPD_prog.o
LOAD ./1-HAL/DC_motor/DCM_prog.o
LOAD ./1-HAL/DAC/DAC_prog.o
LOAD ./1-HAL/CLCD/CLCD_prog.o
LOAD ./0-MCAL/5-ADC/ADC_prog.o
LOAD ./0-MCAL/4-GIE/GIE_prog.o
LOAD ./0-MCAL/3-EXTI/EXTI_prog.o
LOAD ./0-MCAL/2-Port/PORT_prog.o
LOAD ./0-MCAL/1-DIO/DIO_prog.o
LOAD ./main.o
LOAD f:/courses/basic2on130123/tools/sdk_win_64/winavr/bin/../lib/gcc/avr/4.3.3/avr5\libgcc.a
LOAD f:/courses/basic2on130123/tools/sdk_win_64/winavr/bin/../lib/gcc/avr/4.3.3/../../../../avr/lib/avr5\libc.a
LOAD f:/courses/basic2on130123/tools/sdk_win_64/winavr/bin/../lib/gcc/avr/4.3.3/avr5\libgcc.a

.hash
 *(.hash)

.dynsym
 *(.dynsym)

.dynstr
 *(.dynstr)

.gnu.version
 *(.gnu.version)

.gnu.version_d
 *(.gnu.version_d)

.gnu.version_r
 *(.gnu.version_r)

.rel.init
 *(.rel.init)

.rela.init
 *(.rela.init)

.rel.text
 *(.rel.text)
 *(.rel.text.*)
 *(.rel.gnu.linkonce.t*)

.rela.text
 *(.rela.text)
 *(.rela.text.*)
 *(.rela.gnu.linkonce.t*)

.rel.fini
 *(.rel.fini)

.rela.fini
 *(.rela.fini)

.rel.rodata
 *(.rel.rodata)
 *(.rel.rodata.*)
 *(.rel.gnu.linkonce.r*)

.rela.rodata
 *(.rela.rodata)
 *(.rela.rodata.*)
 *(.rela.gnu.linkonce.r*)

.rel.data
 *(.rel.data)
 *(.rel.data.*)
 *(.rel.gnu.linkonce.d*)

.rela.data
 *(.rela.data)
 *(.rela.data.*)
 *(.rela.gnu.linkonce.d*)

.rel.ctors
 *(.rel.ctors)

.rela.ctors
 *(.rela.ctors)

.rel.dtors
 *(.rel.dtors)

.rela.dtors
 *(.rela.dtors)

.rel.got
 *(.rel.got)

.rela.got
 *(.rela.got)

.rel.bss
 *(.rel.bss)

.rela.bss
 *(.rela.bss)

.rel.plt
 *(.rel.plt)

.rela.plt
 *(.rela.plt)

.text           0x00000000     0x50c0
 *(.vectors)
 .vectors       0x00000000       0x54 f:/courses/basic2on130123/tools/sdk_win_64/winavr/bin/../lib/gcc/avr/4.3.3/../../../../avr/lib/avr5/crtm32.o
                0x00000000                __vectors
                0x00000000                __vector_default
 *(.vectors)
 *(.progmem.gcc*)
 *(.progmem*)
                0x00000054                . = ALIGN (0x2)
                0x00000054                __trampolines_start = .
 *(.trampolines)
 .trampolines   0x00000054        0x0 linker stubs
 *(.trampolines*)
                0x00000054                __trampolines_end = .
 *(.jumptables)
 *(.jumptables*)
 *(.lowtext)
 *(.lowtext*)
                0x00000054                __ctors_start = .
 *(.ctors)
                0x00000054                __ctors_end = .
                0x00000054                __dtors_start = .
 *(.dtors)
                0x00000054                __dtors_end = .
 SORT(*)(.ctors)
 SORT(*)(.dtors)
 *(.init0)
 .init0         0x00000054        0x0 f:/courses/basic2on130123/tools/sdk_win_64/winavr/bin/../lib/gcc/avr/4.3.3/../../../../avr/lib/avr5/crtm32.o
                0x00000054                __init
 *(.init0)
 *(.init1)
 *(.init1)
 *(.init2)
 .init2         0x00000054        0xc f:/courses/basic2on130123/tools/sdk_win_64/winavr/bin/../lib/gcc/avr/4.3.3/../../../../avr/lib/avr5/crtm32.o
 *(.init2)
 *(.init3)
 *(.init3)
 *(.init4)
 .init4         0x00000060       0x16 f:/courses/basic2on130123/tools/sdk_win_64/winavr/bin/../lib/gcc/avr/4.3.3/avr5\libgcc.a(_copy_data.o)
                0x00000060                __do_copy_data
 .init4         0x00000076       0x10 f:/courses/basic2on130123/tools/sdk_win_64/winavr/bin/../lib/gcc/avr/4.3.3/avr5\libgcc.a(_clear_bss.o)
                0x00000076                __do_clear_bss
 *(.init4)
 *(.init5)
 *(.init5)
 *(.init6)
 *(.init6)
 *(.init7)
 *(.init7)
 *(.init8)
 *(.init8)
 *(.init9)
 .init9         0x00000086        0x8 f:/courses/basic2on130123/tools/sdk_win_64/winavr/bin/../lib/gcc/avr/4.3.3/../../../../avr/lib/avr5/crtm32.o
 *(.init9)
 *(.text)
 .text          0x0000008e        0x4 f:/courses/basic2on130123/tools/sdk_win_64/winavr/bin/../lib/gcc/avr/4.3.3/../../../../avr/lib/avr5/crtm32.o
                0x0000008e                __vector_12
                0x0000008e                __bad_interrupt
                0x0000008e                __vector_6
                0x0000008e                __vector_11
                0x0000008e                __vector_13
                0x0000008e                __vector_17
                0x0000008e                __vector_19
                0x0000008e                __vector_7
                0x0000008e                __vector_5
                0x0000008e                __vector_4
                0x0000008e                __vector_9
                0x0000008e                __vector_15
                0x0000008e                __vector_8
                0x0000008e                __vector_14
                0x0000008e                __vector_10
                0x0000008e                __vector_18
                0x0000008e                __vector_20
 .text          0x00000092        0x0 ./libraries/MAP.o
 .text          0x00000092        0x0 ./3-APP/GarageSys/GARAGE_prog.o
 .text          0x00000092        0x0 ./1-HAL/voltameter/AVO_prog.o
 .text          0x00000092        0x0 ./1-HAL/step_motor/STM_prog.o
 .text          0x00000092        0x0 ./1-HAL/SWITCH/SWITCH_prog.o
 .text          0x00000092        0x0 ./1-HAL/SSD/SSD_prog.o
 .text          0x00000092        0x0 ./1-HAL/LM35/LM_prog.o
 .text          0x00000092        0x0 ./1-HAL/LED/LED_prog.o
 .text          0x00000092        0x0 ./1-HAL/LDR/LDR_prog.o
 .text          0x00000092        0x0 ./1-HAL/KEYPAD/KPD_prog.o
 .text          0x00000092        0x0 ./1-HAL/DC_motor/DCM_prog.o
 .text          0x00000092        0x0 ./1-HAL/DAC/DAC_prog.o
 .text          0x00000092        0x0 ./1-HAL/CLCD/CLCD_prog.o
 .text          0x00000092        0x0 ./0-MCAL/5-ADC/ADC_prog.o
 .text          0x00000092        0x0 ./0-MCAL/4-GIE/GIE_prog.o
 .text          0x00000092        0x0 ./0-MCAL/3-EXTI/EXTI_prog.o
 .text          0x00000092        0x0 ./0-MCAL/2-Port/PORT_prog.o
 .text          0x00000092        0x0 ./0-MCAL/1-DIO/DIO_prog.o
 .text          0x00000092        0x0 ./main.o
 .text          0x00000092        0x0 f:/courses/basic2on130123/tools/sdk_win_64/winavr/bin/../lib/gcc/avr/4.3.3/avr5\libgcc.a(_mulsi3.o)
 .text          0x00000092        0x0 f:/courses/basic2on130123/tools/sdk_win_64/winavr/bin/../lib/gcc/avr/4.3.3/avr5\libgcc.a(_udivmodhi4.o)
 .text          0x00000092        0x0 f:/courses/basic2on130123/tools/sdk_win_64/winavr/bin/../lib/gcc/avr/4.3.3/avr5\libgcc.a(_udivmodsi4.o)
 .text          0x00000092        0x0 f:/courses/basic2on130123/tools/sdk_win_64/winavr/bin/../lib/gcc/avr/4.3.3/avr5\libgcc.a(_divmodsi4.o)
 .text          0x00000092        0x0 f:/courses/basic2on130123/tools/sdk_win_64/winavr/bin/../lib/gcc/avr/4.3.3/avr5\libgcc.a(_exit.o)
 .text          0x00000092        0x0 f:/courses/basic2on130123/tools/sdk_win_64/winavr/bin/../lib/gcc/avr/4.3.3/avr5\libgcc.a(_copy_data.o)
 .text          0x00000092        0x0 f:/courses/basic2on130123/tools/sdk_win_64/winavr/bin/../lib/gcc/avr/4.3.3/avr5\libgcc.a(_clear_bss.o)
 .text          0x00000092       0x58 f:/courses/basic2on130123/tools/sdk_win_64/winavr/bin/../lib/gcc/avr/4.3.3/avr5\libgcc.a(_fixunssfsi.o)
                0x00000092                __fixunssfsi
 .text          0x000000ea      0x354 f:/courses/basic2on130123/tools/sdk_win_64/winavr/bin/../lib/gcc/avr/4.3.3/avr5\libgcc.a(_addsub_sf.o)
                0x00000382                __subsf3
                0x000003e4                __addsf3
 .text          0x0000043e      0x1f4 f:/courses/basic2on130123/tools/sdk_win_64/winavr/bin/../lib/gcc/avr/4.3.3/avr5\libgcc.a(_mul_sf.o)
                0x0000043e                __mulsf3
 .text          0x00000632      0x158 f:/courses/basic2on130123/tools/sdk_win_64/winavr/bin/../lib/gcc/avr/4.3.3/avr5\libgcc.a(_div_sf.o)
                0x00000632                __divsf3
 .text          0x0000078a       0x60 f:/courses/basic2on130123/tools/sdk_win_64/winavr/bin/../lib/gcc/avr/4.3.3/avr5\libgcc.a(_gt_sf.o)
                0x0000078a                __gtsf2
 .text          0x000007ea       0x60 f:/courses/basic2on130123/tools/sdk_win_64/winavr/bin/../lib/gcc/avr/4.3.3/avr5\libgcc.a(_ge_sf.o)
                0x000007ea                __gesf2
 .text          0x0000084a       0x60 f:/courses/basic2on130123/tools/sdk_win_64/winavr/bin/../lib/gcc/avr/4.3.3/avr5\libgcc.a(_lt_sf.o)
                0x0000084a                __ltsf2
 .text          0x000008aa       0xa8 f:/courses/basic2on130123/tools/sdk_win_64/winavr/bin/../lib/gcc/avr/4.3.3/avr5\libgcc.a(_sf_to_si.o)
                0x000008aa                __fixsfsi
 .text          0x00000952        0x0 f:/courses/basic2on130123/tools/sdk_win_64/winavr/bin/../lib/gcc/avr/4.3.3/avr5\libgcc.a(_thenan_sf.o)
 .text          0x00000952       0xf2 f:/courses/basic2on130123/tools/sdk_win_64/winavr/bin/../lib/gcc/avr/4.3.3/avr5\libgcc.a(_usi_to_sf.o)
                0x00000952                __floatunsisf
 .text          0x00000a44        0x0 f:/courses/basic2on130123/tools/sdk_win_64/winavr/bin/../lib/gcc/avr/4.3.3/avr5\libgcc.a(_prologue.o)
 .text          0x00000a44        0x0 f:/courses/basic2on130123/tools/sdk_win_64/winavr/bin/../lib/gcc/avr/4.3.3/avr5\libgcc.a(_epilogue.o)
 .text          0x00000a44       0x9e f:/courses/basic2on130123/tools/sdk_win_64/winavr/bin/../lib/gcc/avr/4.3.3/avr5\libgcc.a(_clzsi2.o)
                0x00000a44                __clzsi2
 .text          0x00000ae2      0x1aa f:/courses/basic2on130123/tools/sdk_win_64/winavr/bin/../lib/gcc/avr/4.3.3/avr5\libgcc.a(_pack_sf.o)
                0x00000ae2                __pack_f
 .text          0x00000c8c       0xf0 f:/courses/basic2on130123/tools/sdk_win_64/winavr/bin/../lib/gcc/avr/4.3.3/avr5\libgcc.a(_unpack_sf.o)
                0x00000c8c                __unpack_f
 .text          0x00000d7c       0xb2 f:/courses/basic2on130123/tools/sdk_win_64/winavr/bin/../lib/gcc/avr/4.3.3/avr5\libgcc.a(_fpcmp_parts_sf.o)
                0x00000d7c                __fpcmp_parts_f
 .text          0x00000e2e        0x0 f:/courses/basic2on130123/tools/sdk_win_64/winavr/bin/../lib/gcc/avr/4.3.3/avr5\libgcc.a(_clz.o)
                0x00000e2e                . = ALIGN (0x2)
 *(.text.*)
 .text.MAP      0x00000e2e       0xea ./libraries/MAP.o
                0x00000e2e                MAP
 .text.ADC0CallBack
                0x00000f18       0x32 ./3-APP/GarageSys/GARAGE_prog.o
                0x00000f18                ADC0CallBack
 .text.ADC7CallBack
                0x00000f4a       0x34 ./3-APP/GarageSys/GARAGE_prog.o
                0x00000f4a                ADC7CallBack
 .text.GASY_u8init
                0x00000f7e      0x10a ./3-APP/GarageSys/GARAGE_prog.o
                0x00000f7e                GASY_u8init
 .text.GASY_voidUpdateAfterLeave
                0x00001088       0x90 ./3-APP/GarageSys/GARAGE_prog.o
                0x00001088                GASY_voidUpdateAfterLeave
 .text.GASY_voidMainLoop
                0x00001118      0x940 ./3-APP/GarageSys/GARAGE_prog.o
                0x00001118                GASY_voidMainLoop
 .text.AVO_u16MesaureVoltage
                0x00001a58       0xac ./1-HAL/voltameter/AVO_prog.o
                0x00001a58                AVO_u16MesaureVoltage
 .text.AVO_u16MesaureOhm
                0x00001b04       0x80 ./1-HAL/voltameter/AVO_prog.o
                0x00001b04                AVO_u16MesaureOhm
 .text.STM_u8Rotate
                0x00001b84      0xdb6 ./1-HAL/step_motor/STM_prog.o
                0x00001b84                STM_u8Rotate
 .text.SWITCH_u8GetState
                0x0000293a       0xb4 ./1-HAL/SWITCH/SWITCH_prog.o
                0x0000293a                SWITCH_u8GetState
 .text._SSD_VoidcustomPortValue
                0x000029ee       0x42 ./1-HAL/SSD/SSD_prog.o
                0x000029ee                _SSD_VoidcustomPortValue
 .text.SSD_u8SetNumber
                0x00002a30      0x110 ./1-HAL/SSD/SSD_prog.o
                0x00002a30                SSD_u8SetNumber
 .text.SSD_u8Enable
                0x00002b40       0x94 ./1-HAL/SSD/SSD_prog.o
                0x00002b40                SSD_u8Enable
 .text.SSD_u8Disable
                0x00002bd4       0x94 ./1-HAL/SSD/SSD_prog.o
                0x00002bd4                SSD_u8Disable
 .text.LM_u8GetTemp
                0x00002c68       0xde ./1-HAL/LM35/LM_prog.o
                0x00002c68                LM_u8GetTemp
 .text.LM_u8GetTempFromDigSignal
                0x00002d46       0xc4 ./1-HAL/LM35/LM_prog.o
                0x00002d46                LM_u8GetTempFromDigSignal
 .text.LM_u16convertToFahrenheit
                0x00002e0a       0x3a ./1-HAL/LM35/LM_prog.o
                0x00002e0a                LM_u16convertToFahrenheit
 .text.LED_u8SetON
                0x00002e44       0x74 ./1-HAL/LED/LED_prog.o
                0x00002e44                LED_u8SetON
 .text.LED_u8SetOFF
                0x00002eb8       0x74 ./1-HAL/LED/LED_prog.o
                0x00002eb8                LED_u8SetOFF
 .text.LED_u8Toggle
                0x00002f2c       0x42 ./1-HAL/LED/LED_prog.o
                0x00002f2c                LED_u8Toggle
 .text.LDR_u8GetLighlevel
                0x00002f6e      0x11a ./1-HAL/LDR/LDR_prog.o
                0x00002f6e                LDR_u8GetLighlevel
 .text.LDR_u8GetLLFromDigSignal
                0x00003088      0x102 ./1-HAL/LDR/LDR_prog.o
                0x00003088                LDR_u8GetLLFromDigSignal
 .text.KPD_u8GetPressedKey
                0x0000318a      0x110 ./1-HAL/KEYPAD/KPD_prog.o
                0x0000318a                KPD_u8GetPressedKey
 .text.DCM_voidRotateCW
                0x0000329a       0x40 ./1-HAL/DC_motor/DCM_prog.o
                0x0000329a                DCM_voidRotateCW
 .text.DCM_voidRotateCCW
                0x000032da       0x40 ./1-HAL/DC_motor/DCM_prog.o
                0x000032da                DCM_voidRotateCCW
 .text.DCM_voidStop
                0x0000331a       0x40 ./1-HAL/DC_motor/DCM_prog.o
                0x0000331a                DCM_voidStop
 .text.DAC_u8AnalogVolt
                0x0000335a       0x56 ./1-HAL/DAC/DAC_prog.o
                0x0000335a                DAC_u8AnalogVolt
 .text.voidSetHalfDataPort
                0x000033b0       0x86 ./1-HAL/CLCD/CLCD_prog.o
 .text.voidSendEnablePulse
                0x00003436      0x11e ./1-HAL/CLCD/CLCD_prog.o
 .text._helper_VoidReverseBuffer
                0x00003554       0xc4 ./1-HAL/CLCD/CLCD_prog.o
 .text._helper_VoidNumToStr
                0x00003618      0x16a ./1-HAL/CLCD/CLCD_prog.o
 .text.CLCD_VoidSendCommand
                0x00003782       0x36 ./1-HAL/CLCD/CLCD_prog.o
                0x00003782                CLCD_VoidSendCommand
 .text.CLCD_VoidSendData
                0x000037b8       0x36 ./1-HAL/CLCD/CLCD_prog.o
                0x000037b8                CLCD_VoidSendData
 .text.CLCD_VoidInit
                0x000037ee      0x126 ./1-HAL/CLCD/CLCD_prog.o
                0x000037ee                CLCD_VoidInit
 .text.CLCD_voidGoToXY
                0x00003914       0x48 ./1-HAL/CLCD/CLCD_prog.o
                0x00003914                CLCD_voidGoToXY
 .text.CLCD_u8WriteSpecialChar
                0x0000395c       0x80 ./1-HAL/CLCD/CLCD_prog.o
                0x0000395c                CLCD_u8WriteSpecialChar
 .text.CLCD_VoidPrintChars
                0x000039dc       0x52 ./1-HAL/CLCD/CLCD_prog.o
                0x000039dc                CLCD_VoidPrintChars
 .text.CLCD_VoidPrintInt
                0x00003a2e       0x4e ./1-HAL/CLCD/CLCD_prog.o
                0x00003a2e                CLCD_VoidPrintInt
 .text.CLCD_VoidPrintFloat
                0x00003a7c       0x7c ./1-HAL/CLCD/CLCD_prog.o
                0x00003a7c                CLCD_VoidPrintFloat
 .text.ADC_voidInit
                0x00003af8       0x62 ./0-MCAL/5-ADC/ADC_prog.o
                0x00003af8                ADC_voidInit
 .text.ADC_u8StartConverstionSync
                0x00003b5a      0x110 ./0-MCAL/5-ADC/ADC_prog.o
                0x00003b5a                ADC_u8StartConverstionSync
 .text.ADC_u8StartConverstionAsync
                0x00003c6a       0xb2 ./0-MCAL/5-ADC/ADC_prog.o
                0x00003c6a                ADC_u8StartConverstionAsync
 .text.ADC_u8StartChainConverstionAsync
                0x00003d1c       0xc2 ./0-MCAL/5-ADC/ADC_prog.o
                0x00003d1c                ADC_u8StartChainConverstionAsync
 .text.ADC_voidChainNotification
                0x00003dde       0xc8 ./0-MCAL/5-ADC/ADC_prog.o
                0x00003dde                ADC_voidChainNotification
 .text.__vector_16
                0x00003ea6       0xba ./0-MCAL/5-ADC/ADC_prog.o
                0x00003ea6                __vector_16
 .text.ADC_voidSetPrescaler
                0x00003f60       0xe6 ./0-MCAL/5-ADC/ADC_prog.o
                0x00003f60                ADC_voidSetPrescaler
 .text.GIE_voidEnableGlobal
                0x00004046       0x10 ./0-MCAL/4-GIE/GIE_prog.o
                0x00004046                GIE_voidEnableGlobal
 .text.GIE_voidDisabledGlobal
                0x00004056       0x10 ./0-MCAL/4-GIE/GIE_prog.o
                0x00004056                GIE_voidDisabledGlobal
 .text.EXTI_u8SetCallBack
                0x00004066       0x58 ./0-MCAL/3-EXTI/EXTI_prog.o
                0x00004066                EXTI_u8SetCallBack
 .text.__vector_1
                0x000040be       0x66 ./0-MCAL/3-EXTI/EXTI_prog.o
                0x000040be                __vector_1
 .text.__vector_2
                0x00004124       0x66 ./0-MCAL/3-EXTI/EXTI_prog.o
                0x00004124                __vector_2
 .text.__vector_3
                0x0000418a       0x66 ./0-MCAL/3-EXTI/EXTI_prog.o
                0x0000418a                __vector_3
 .text.EXTI_voidInit
                0x000041f0       0x7e ./0-MCAL/3-EXTI/EXTI_prog.o
                0x000041f0                EXTI_voidInit
 .text.EXTI_u8SetSenceCtrl
                0x0000426e      0x20c ./0-MCAL/3-EXTI/EXTI_prog.o
                0x0000426e                EXTI_u8SetSenceCtrl
 .text.EXTI_u8IntEnable
                0x0000447a       0x7c ./0-MCAL/3-EXTI/EXTI_prog.o
                0x0000447a                EXTI_u8IntEnable
 .text.EXTI_u8IntDisable
                0x000044f6       0x7c ./0-MCAL/3-EXTI/EXTI_prog.o
                0x000044f6                EXTI_u8IntDisable
 .text.Port_voidInit
                0x00004572       0x42 ./0-MCAL/2-Port/PORT_prog.o
                0x00004572                Port_voidInit
 .text.DIO_u8_SetPinDir
                0x000045b4      0x226 ./0-MCAL/1-DIO/DIO_prog.o
                0x000045b4                DIO_u8_SetPinDir
 .text.DIO_u8_SetPortDir
                0x000047da       0x92 ./0-MCAL/1-DIO/DIO_prog.o
                0x000047da                DIO_u8_SetPortDir
 .text.DIO_u8_SetPinVal
                0x0000486c      0x226 ./0-MCAL/1-DIO/DIO_prog.o
                0x0000486c                DIO_u8_SetPinVal
 .text.DIO_u8_SetPortVal
                0x00004a92       0x92 ./0-MCAL/1-DIO/DIO_prog.o
                0x00004a92                DIO_u8_SetPortVal
 .text.DIO_u8_GetPinVal
                0x00004b24      0x138 ./0-MCAL/1-DIO/DIO_prog.o
                0x00004b24                DIO_u8_GetPinVal
 .text.DIO_u8_GetPinDir
                0x00004c5c      0x138 ./0-MCAL/1-DIO/DIO_prog.o
                0x00004c5c                DIO_u8_GetPinDir
 .text.DIO_u8_TogglePinVal
                0x00004d94      0x118 ./0-MCAL/1-DIO/DIO_prog.o
                0x00004d94                DIO_u8_TogglePinVal
 .text.DIO_u8_PinPullUp
                0x00004eac       0x40 ./0-MCAL/1-DIO/DIO_prog.o
                0x00004eac                DIO_u8_PinPullUp
 .text.main     0x00004eec       0x82 ./main.o
                0x00004eec                main
 .text.libgcc   0x00004f6e       0x3e f:/courses/basic2on130123/tools/sdk_win_64/winavr/bin/../lib/gcc/avr/4.3.3/avr5\libgcc.a(_mulsi3.o)
                0x00004f6e                __mulsi3
 .text.libgcc   0x00004fac       0x28 f:/courses/basic2on130123/tools/sdk_win_64/winavr/bin/../lib/gcc/avr/4.3.3/avr5\libgcc.a(_udivmodhi4.o)
                0x00004fac                __udivmodhi4
 .text.libgcc   0x00004fd4       0x44 f:/courses/basic2on130123/tools/sdk_win_64/winavr/bin/../lib/gcc/avr/4.3.3/avr5\libgcc.a(_udivmodsi4.o)
                0x00004fd4                __udivmodsi4
 .text.libgcc   0x00005018       0x36 f:/courses/basic2on130123/tools/sdk_win_64/winavr/bin/../lib/gcc/avr/4.3.3/avr5\libgcc.a(_divmodsi4.o)
                0x00005018                __divmodsi4
 .text.libgcc   0x0000504e        0x0 f:/courses/basic2on130123/tools/sdk_win_64/winavr/bin/../lib/gcc/avr/4.3.3/avr5\libgcc.a(_exit.o)
 .text.libgcc   0x0000504e        0x0 f:/courses/basic2on130123/tools/sdk_win_64/winavr/bin/../lib/gcc/avr/4.3.3/avr5\libgcc.a(_copy_data.o)
 .text.libgcc   0x0000504e        0x0 f:/courses/basic2on130123/tools/sdk_win_64/winavr/bin/../lib/gcc/avr/4.3.3/avr5\libgcc.a(_clear_bss.o)
 .text.libgcc   0x0000504e       0x38 f:/courses/basic2on130123/tools/sdk_win_64/winavr/bin/../lib/gcc/avr/4.3.3/avr5\libgcc.a(_prologue.o)
                0x0000504e                __prologue_saves__
 .text.libgcc   0x00005086       0x36 f:/courses/basic2on130123/tools/sdk_win_64/winavr/bin/../lib/gcc/avr/4.3.3/avr5\libgcc.a(_epilogue.o)
                0x00005086                __epilogue_restores__
                0x000050bc                . = ALIGN (0x2)
 *(.fini9)
 .fini9         0x000050bc        0x0 f:/courses/basic2on130123/tools/sdk_win_64/winavr/bin/../lib/gcc/avr/4.3.3/avr5\libgcc.a(_exit.o)
                0x000050bc                exit
                0x000050bc                _exit
 *(.fini9)
 *(.fini8)
 *(.fini8)
 *(.fini7)
 *(.fini7)
 *(.fini6)
 *(.fini6)
 *(.fini5)
 *(.fini5)
 *(.fini4)
 *(.fini4)
 *(.fini3)
 *(.fini3)
 *(.fini2)
 *(.fini2)
 *(.fini1)
 *(.fini1)
 *(.fini0)
 .fini0         0x000050bc        0x4 f:/courses/basic2on130123/tools/sdk_win_64/winavr/bin/../lib/gcc/avr/4.3.3/avr5\libgcc.a(_exit.o)
 *(.fini0)
                0x000050c0                _etext = .

.data           0x00800060      0x16e load address 0x000050c0
                0x00800060                PROVIDE (__data_start, .)
 *(.data)
 .data          0x00800060        0x0 f:/courses/basic2on130123/tools/sdk_win_64/winavr/bin/../lib/gcc/avr/4.3.3/../../../../avr/lib/avr5/crtm32.o
 .data          0x00800060        0x0 ./libraries/MAP.o
 .data          0x00800060       0x2a ./3-APP/GarageSys/GARAGE_prog.o
 .data          0x0080008a        0x0 ./1-HAL/voltameter/AVO_prog.o
 .data          0x0080008a        0x0 ./1-HAL/step_motor/STM_prog.o
 .data          0x0080008a        0x0 ./1-HAL/SWITCH/SWITCH_prog.o
 .data          0x0080008a        0x0 ./1-HAL/SSD/SSD_prog.o
 .data          0x0080008a        0x0 ./1-HAL/LM35/LM_prog.o
 .data          0x0080008a        0x0 ./1-HAL/LED/LED_prog.o
 .data          0x0080008a        0x0 ./1-HAL/LDR/LDR_prog.o
 .data          0x0080008a        0x0 ./1-HAL/KEYPAD/KPD_prog.o
 .data          0x0080008a        0x0 ./1-HAL/DC_motor/DCM_prog.o
 .data          0x0080008a        0x0 ./1-HAL/DAC/DAC_prog.o
 .data          0x0080008a        0x0 ./1-HAL/CLCD/CLCD_prog.o
 .data          0x0080008a        0x0 ./0-MCAL/5-ADC/ADC_prog.o
 .data          0x0080008a        0x0 ./0-MCAL/4-GIE/GIE_prog.o
 .data          0x0080008a        0x0 ./0-MCAL/3-EXTI/EXTI_prog.o
 .data          0x0080008a        0x0 ./0-MCAL/2-Port/PORT_prog.o
 .data          0x0080008a        0x0 ./0-MCAL/1-DIO/DIO_prog.o
 .data          0x0080008a        0x0 ./main.o
 .data          0x0080008a        0x0 f:/courses/basic2on130123/tools/sdk_win_64/winavr/bin/../lib/gcc/avr/4.3.3/avr5\libgcc.a(_mulsi3.o)
 .data          0x0080008a        0x0 f:/courses/basic2on130123/tools/sdk_win_64/winavr/bin/../lib/gcc/avr/4.3.3/avr5\libgcc.a(_udivmodhi4.o)
 .data          0x0080008a        0x0 f:/courses/basic2on130123/tools/sdk_win_64/winavr/bin/../lib/gcc/avr/4.3.3/avr5\libgcc.a(_udivmodsi4.o)
 .data          0x0080008a        0x0 f:/courses/basic2on130123/tools/sdk_win_64/winavr/bin/../lib/gcc/avr/4.3.3/avr5\libgcc.a(_divmodsi4.o)
 .data          0x0080008a        0x0 f:/courses/basic2on130123/tools/sdk_win_64/winavr/bin/../lib/gcc/avr/4.3.3/avr5\libgcc.a(_exit.o)
 .data          0x0080008a        0x0 f:/courses/basic2on130123/tools/sdk_win_64/winavr/bin/../lib/gcc/avr/4.3.3/avr5\libgcc.a(_copy_data.o)
 .data          0x0080008a        0x0 f:/courses/basic2on130123/tools/sdk_win_64/winavr/bin/../lib/gcc/avr/4.3.3/avr5\libgcc.a(_clear_bss.o)
 .data          0x0080008a        0x0 f:/courses/basic2on130123/tools/sdk_win_64/winavr/bin/../lib/gcc/avr/4.3.3/avr5\libgcc.a(_fixunssfsi.o)
 .data          0x0080008a        0x0 f:/courses/basic2on130123/tools/sdk_win_64/winavr/bin/../lib/gcc/avr/4.3.3/avr5\libgcc.a(_addsub_sf.o)
 .data          0x0080008a        0x0 f:/courses/basic2on130123/tools/sdk_win_64/winavr/bin/../lib/gcc/avr/4.3.3/avr5\libgcc.a(_mul_sf.o)
 .data          0x0080008a        0x0 f:/courses/basic2on130123/tools/sdk_win_64/winavr/bin/../lib/gcc/avr/4.3.3/avr5\libgcc.a(_div_sf.o)
 .data          0x0080008a        0x0 f:/courses/basic2on130123/tools/sdk_win_64/winavr/bin/../lib/gcc/avr/4.3.3/avr5\libgcc.a(_gt_sf.o)
 .data          0x0080008a        0x0 f:/courses/basic2on130123/tools/sdk_win_64/winavr/bin/../lib/gcc/avr/4.3.3/avr5\libgcc.a(_ge_sf.o)
 .data          0x0080008a        0x0 f:/courses/basic2on130123/tools/sdk_win_64/winavr/bin/../lib/gcc/avr/4.3.3/avr5\libgcc.a(_lt_sf.o)
 .data          0x0080008a        0x0 f:/courses/basic2on130123/tools/sdk_win_64/winavr/bin/../lib/gcc/avr/4.3.3/avr5\libgcc.a(_sf_to_si.o)
 .data          0x0080008a        0x8 f:/courses/basic2on130123/tools/sdk_win_64/winavr/bin/../lib/gcc/avr/4.3.3/avr5\libgcc.a(_thenan_sf.o)
                0x0080008a                __thenan_sf
 .data          0x00800092        0x0 f:/courses/basic2on130123/tools/sdk_win_64/winavr/bin/../lib/gcc/avr/4.3.3/avr5\libgcc.a(_usi_to_sf.o)
 .data          0x00800092        0x0 f:/courses/basic2on130123/tools/sdk_win_64/winavr/bin/../lib/gcc/avr/4.3.3/avr5\libgcc.a(_prologue.o)
 .data          0x00800092        0x0 f:/courses/basic2on130123/tools/sdk_win_64/winavr/bin/../lib/gcc/avr/4.3.3/avr5\libgcc.a(_epilogue.o)
 .data          0x00800092        0x0 f:/courses/basic2on130123/tools/sdk_win_64/winavr/bin/../lib/gcc/avr/4.3.3/avr5\libgcc.a(_clzsi2.o)
 .data          0x00800092        0x0 f:/courses/basic2on130123/tools/sdk_win_64/winavr/bin/../lib/gcc/avr/4.3.3/avr5\libgcc.a(_pack_sf.o)
 .data          0x00800092        0x0 f:/courses/basic2on130123/tools/sdk_win_64/winavr/bin/../lib/gcc/avr/4.3.3/avr5\libgcc.a(_unpack_sf.o)
 .data          0x00800092        0x0 f:/courses/basic2on130123/tools/sdk_win_64/winavr/bin/../lib/gcc/avr/4.3.3/avr5\libgcc.a(_fpcmp_parts_sf.o)
 .data          0x00800092      0x100 f:/courses/basic2on130123/tools/sdk_win_64/winavr/bin/../lib/gcc/avr/4.3.3/avr5\libgcc.a(_clz.o)
                0x00800092                __clz_tab
 *(.data*)
 .data.Gloabl_u8GrageSpace
                0x00800192        0x2 ./3-APP/GarageSys/GARAGE_prog.o
 .data.Gloabl_u8CarsCount
                0x00800194        0x2 ./3-APP/GarageSys/GARAGE_prog.o
 .data.Local_u8KPDArr.1252
                0x00800196       0x10 ./1-HAL/KEYPAD/KPD_prog.o
 .data.Local_u8ColArr.1251
                0x008001a6        0x4 ./1-HAL/KEYPAD/KPD_prog.o
 .data.Local_u8RowArr.1250
                0x008001aa        0x4 ./1-HAL/KEYPAD/KPD_prog.o
 .data.ADC_u8BusyFlag
                0x008001ae        0x1 ./0-MCAL/5-ADC/ADC_prog.o
 .data.ADC_u8ChainFlag
                0x008001af        0x1 ./0-MCAL/5-ADC/ADC_prog.o
 .data.ADC_u8ISRBusyFlag
                0x008001b0        0x1 ./0-MCAL/5-ADC/ADC_prog.o
 *(.rodata)
 *(.rodata*)
 .rodata.SSD_u8p_NumArr.1276
                0x008001b1        0xa ./1-HAL/SSD/SSD_prog.o
 .rodata.C.0.1425
                0x008001bb       0x12 ./main.o
 *(.gnu.linkonce.d*)
                0x008001ce                . = ALIGN (0x2)
 *fill*         0x008001cd        0x1 00
                0x008001ce                _edata = .
                0x008001ce                PROVIDE (__data_end, .)

.bss            0x008001ce       0x17
                0x008001ce                PROVIDE (__bss_start, .)
 *(.bss)
 .bss           0x008001ce        0x0 f:/courses/basic2on130123/tools/sdk_win_64/winavr/bin/../lib/gcc/avr/4.3.3/../../../../avr/lib/avr5/crtm32.o
 .bss           0x008001ce        0x0 ./libraries/MAP.o
 .bss           0x008001ce        0x0 ./3-APP/GarageSys/GARAGE_prog.o
 .bss           0x008001ce        0x0 ./1-HAL/voltameter/AVO_prog.o
 .bss           0x008001ce        0x0 ./1-HAL/step_motor/STM_prog.o
 .bss           0x008001ce        0x0 ./1-HAL/SWITCH/SWITCH_prog.o
 .bss           0x008001ce        0x0 ./1-HAL/SSD/SSD_prog.o
 .bss           0x008001ce        0x0 ./1-HAL/LM35/LM_prog.o
 .bss           0x008001ce        0x0 ./1-HAL/LED/LED_prog.o
 .bss           0x008001ce        0x0 ./1-HAL/LDR/LDR_prog.o
 .bss           0x008001ce        0x0 ./1-HAL/KEYPAD/KPD_prog.o
 .bss           0x008001ce        0x0 ./1-HAL/DC_motor/DCM_prog.o
 .bss           0x008001ce        0x0 ./1-HAL/DAC/DAC_prog.o
 .bss           0x008001ce        0x0 ./1-HAL/CLCD/CLCD_prog.o
 .bss           0x008001ce        0x0 ./0-MCAL/5-ADC/ADC_prog.o
 .bss           0x008001ce        0x0 ./0-MCAL/4-GIE/GIE_prog.o
 .bss           0x008001ce        0x0 ./0-MCAL/3-EXTI/EXTI_prog.o
 .bss           0x008001ce        0x0 ./0-MCAL/2-Port/PORT_prog.o
 .bss           0x008001ce        0x0 ./0-MCAL/1-DIO/DIO_prog.o
 .bss           0x008001ce        0x0 ./main.o
 .bss           0x008001ce        0x0 f:/courses/basic2on130123/tools/sdk_win_64/winavr/bin/../lib/gcc/avr/4.3.3/avr5\libgcc.a(_mulsi3.o)
 .bss           0x008001ce        0x0 f:/courses/basic2on130123/tools/sdk_win_64/winavr/bin/../lib/gcc/avr/4.3.3/avr5\libgcc.a(_udivmodhi4.o)
 .bss           0x008001ce        0x0 f:/courses/basic2on130123/tools/sdk_win_64/winavr/bin/../lib/gcc/avr/4.3.3/avr5\libgcc.a(_udivmodsi4.o)
 .bss           0x008001ce        0x0 f:/courses/basic2on130123/tools/sdk_win_64/winavr/bin/../lib/gcc/avr/4.3.3/avr5\libgcc.a(_divmodsi4.o)
 .bss           0x008001ce        0x0 f:/courses/basic2on130123/tools/sdk_win_64/winavr/bin/../lib/gcc/avr/4.3.3/avr5\libgcc.a(_exit.o)
 .bss           0x008001ce        0x0 f:/courses/basic2on130123/tools/sdk_win_64/winavr/bin/../lib/gcc/avr/4.3.3/avr5\libgcc.a(_copy_data.o)
 .bss           0x008001ce        0x0 f:/courses/basic2on130123/tools/sdk_win_64/winavr/bin/../lib/gcc/avr/4.3.3/avr5\libgcc.a(_clear_bss.o)
 .bss           0x008001ce        0x0 f:/courses/basic2on130123/tools/sdk_win_64/winavr/bin/../lib/gcc/avr/4.3.3/avr5\libgcc.a(_fixunssfsi.o)
 .bss           0x008001ce        0x0 f:/courses/basic2on130123/tools/sdk_win_64/winavr/bin/../lib/gcc/avr/4.3.3/avr5\libgcc.a(_addsub_sf.o)
 .bss           0x008001ce        0x0 f:/courses/basic2on130123/tools/sdk_win_64/winavr/bin/../lib/gcc/avr/4.3.3/avr5\libgcc.a(_mul_sf.o)
 .bss           0x008001ce        0x0 f:/courses/basic2on130123/tools/sdk_win_64/winavr/bin/../lib/gcc/avr/4.3.3/avr5\libgcc.a(_div_sf.o)
 .bss           0x008001ce        0x0 f:/courses/basic2on130123/tools/sdk_win_64/winavr/bin/../lib/gcc/avr/4.3.3/avr5\libgcc.a(_gt_sf.o)
 .bss           0x008001ce        0x0 f:/courses/basic2on130123/tools/sdk_win_64/winavr/bin/../lib/gcc/avr/4.3.3/avr5\libgcc.a(_ge_sf.o)
 .bss           0x008001ce        0x0 f:/courses/basic2on130123/tools/sdk_win_64/winavr/bin/../lib/gcc/avr/4.3.3/avr5\libgcc.a(_lt_sf.o)
 .bss           0x008001ce        0x0 f:/courses/basic2on130123/tools/sdk_win_64/winavr/bin/../lib/gcc/avr/4.3.3/avr5\libgcc.a(_sf_to_si.o)
 .bss           0x008001ce        0x0 f:/courses/basic2on130123/tools/sdk_win_64/winavr/bin/../lib/gcc/avr/4.3.3/avr5\libgcc.a(_thenan_sf.o)
 .bss           0x008001ce        0x0 f:/courses/basic2on130123/tools/sdk_win_64/winavr/bin/../lib/gcc/avr/4.3.3/avr5\libgcc.a(_usi_to_sf.o)
 .bss           0x008001ce        0x0 f:/courses/basic2on130123/tools/sdk_win_64/winavr/bin/../lib/gcc/avr/4.3.3/avr5\libgcc.a(_prologue.o)
 .bss           0x008001ce        0x0 f:/courses/basic2on130123/tools/sdk_win_64/winavr/bin/../lib/gcc/avr/4.3.3/avr5\libgcc.a(_epilogue.o)
 .bss           0x008001ce        0x0 f:/courses/basic2on130123/tools/sdk_win_64/winavr/bin/../lib/gcc/avr/4.3.3/avr5\libgcc.a(_clzsi2.o)
 .bss           0x008001ce        0x0 f:/courses/basic2on130123/tools/sdk_win_64/winavr/bin/../lib/gcc/avr/4.3.3/avr5\libgcc.a(_pack_sf.o)
 .bss           0x008001ce        0x0 f:/courses/basic2on130123/tools/sdk_win_64/winavr/bin/../lib/gcc/avr/4.3.3/avr5\libgcc.a(_unpack_sf.o)
 .bss           0x008001ce        0x0 f:/courses/basic2on130123/tools/sdk_win_64/winavr/bin/../lib/gcc/avr/4.3.3/avr5\libgcc.a(_fpcmp_parts_sf.o)
 .bss           0x008001ce        0x0 f:/courses/basic2on130123/tools/sdk_win_64/winavr/bin/../lib/gcc/avr/4.3.3/avr5\libgcc.a(_clz.o)
 *(.bss*)
 .bss.Gloabl_u8CarInFlag
                0x008001ce        0x1 ./3-APP/GarageSys/GARAGE_prog.o
                0x008001ce                Gloabl_u8CarInFlag
 .bss.Gloabl_u8CarOutFlag
                0x008001cf        0x1 ./3-APP/GarageSys/GARAGE_prog.o
                0x008001cf                Gloabl_u8CarOutFlag
 .bss.Gloable_GASY
                0x008001d0        0x2 ./3-APP/GarageSys/GARAGE_prog.o
 .bss.ADC_pu16DigResult
                0x008001d2        0x2 ./0-MCAL/5-ADC/ADC_prog.o
 .bss.ADC_pvNotificationFunc
                0x008001d4        0x2 ./0-MCAL/5-ADC/ADC_prog.o
 .bss.ADC_u8ChainCounter
                0x008001d6        0x1 ./0-MCAL/5-ADC/ADC_prog.o
 .bss.ADC_u8ChainDeviceCount
                0x008001d7        0x1 ./0-MCAL/5-ADC/ADC_prog.o
 .bss.ADC_u8ChainDevices
                0x008001d8        0x2 ./0-MCAL/5-ADC/ADC_prog.o
 .bss.EXTI_PFunctionPtr
                0x008001da        0x6 ./0-MCAL/3-EXTI/EXTI_prog.o
 *(COMMON)
 COMMON         0x008001e0        0x5 ./3-APP/GarageSys/GARAGE_prog.o
                0x008001e0                Gloabl_ADC_Chain_devicses
                0x008001e5                PROVIDE (__bss_end, .)
                0x000050c0                __data_load_start = LOADADDR (.data)
                0x0000522e                __data_load_end = (__data_load_start + SIZEOF (.data))

.noinit         0x008001e5        0x0
                0x008001e5                PROVIDE (__noinit_start, .)
 *(.noinit*)
                0x008001e5                PROVIDE (__noinit_end, .)
                0x008001e5                _end = .
                0x008001e5                PROVIDE (__heap_start, .)

.eeprom         0x00810000        0x0
 *(.eeprom*)
                0x00810000                __eeprom_end = .

.fuse
 *(.fuse)
 *(.lfuse)
 *(.hfuse)
 *(.efuse)

.lock
 *(.lock*)

.signature
 *(.signature*)

.stab           0x00000000     0x615c
 *(.stab)
 .stab          0x00000000      0x21c ./libraries/MAP.o
 .stab          0x0000021c      0xd68 ./3-APP/GarageSys/GARAGE_prog.o
                                0xd74 (size before relaxing)
 .stab          0x00000f84      0x318 ./1-HAL/voltameter/AVO_prog.o
                                0x324 (size before relaxing)
 .stab          0x0000129c      0xa5c ./1-HAL/step_motor/STM_prog.o
                                0xbf4 (size before relaxing)
 .stab          0x00001cf8      0x354 ./1-HAL/SWITCH/SWITCH_prog.o
                                0x360 (size before relaxing)
 .stab          0x0000204c      0x5a0 ./1-HAL/SSD/SSD_prog.o
                                0x5ac (size before relaxing)
 .stab          0x000025ec      0x420 ./1-HAL/LM35/LM_prog.o
                                0x42c (size before relaxing)
 .stab          0x00002a0c      0x42c ./1-HAL/LED/LED_prog.o
                                0x438 (size before relaxing)
 .stab          0x00002e38      0x3e4 ./1-HAL/LDR/LDR_prog.o
                                0x3f0 (size before relaxing)
 .stab          0x0000321c      0x360 ./1-HAL/KEYPAD/KPD_prog.o
                                0x36c (size before relaxing)
 .stab          0x0000357c      0x2dc ./1-HAL/DC_motor/DCM_prog.o
                                0x2e8 (size before relaxing)
 .stab          0x00003858      0x1c8 ./1-HAL/DAC/DAC_prog.o
                                0x1d4 (size before relaxing)
 .stab          0x00003a20      0xa8c ./1-HAL/CLCD/CLCD_prog.o
                                0xc24 (size before relaxing)
 .stab          0x000044ac      0x75c ./0-MCAL/5-ADC/ADC_prog.o
                                0x768 (size before relaxing)
 .stab          0x00004c08      0x1bc ./0-MCAL/4-GIE/GIE_prog.o
                                0x1c8 (size before relaxing)
 .stab          0x00004dc4      0x63c ./0-MCAL/3-EXTI/EXTI_prog.o
                                0x648 (size before relaxing)
 .stab          0x00005400      0x1e0 ./0-MCAL/2-Port/PORT_prog.o
                                0x1ec (size before relaxing)
 .stab          0x000055e0      0x960 ./0-MCAL/1-DIO/DIO_prog.o
                                0x96c (size before relaxing)
 .stab          0x00005f40      0x21c ./main.o
                                0x51c (size before relaxing)

.stabstr        0x00000000     0x3cb8
 *(.stabstr)
 .stabstr       0x00000000     0x3cb8 ./libraries/MAP.o

.stab.excl
 *(.stab.excl)

.stab.exclstr
 *(.stab.exclstr)

.stab.index
 *(.stab.index)

.stab.indexstr
 *(.stab.indexstr)

.comment
 *(.comment)

.debug
 *(.debug)

.line
 *(.line)

.debug_srcinfo
 *(.debug_srcinfo)

.debug_sfnames
 *(.debug_sfnames)

.debug_aranges  0x00000000      0x1a0
 *(.debug_aranges)
 .debug_aranges
                0x00000000       0x20 f:/courses/basic2on130123/tools/sdk_win_64/winavr/bin/../lib/gcc/avr/4.3.3/avr5\libgcc.a(_fixunssfsi.o)
 .debug_aranges
                0x00000020       0x20 f:/courses/basic2on130123/tools/sdk_win_64/winavr/bin/../lib/gcc/avr/4.3.3/avr5\libgcc.a(_addsub_sf.o)
 .debug_aranges
                0x00000040       0x20 f:/courses/basic2on130123/tools/sdk_win_64/winavr/bin/../lib/gcc/avr/4.3.3/avr5\libgcc.a(_mul_sf.o)
 .debug_aranges
                0x00000060       0x20 f:/courses/basic2on130123/tools/sdk_win_64/winavr/bin/../lib/gcc/avr/4.3.3/avr5\libgcc.a(_div_sf.o)
 .debug_aranges
                0x00000080       0x20 f:/courses/basic2on130123/tools/sdk_win_64/winavr/bin/../lib/gcc/avr/4.3.3/avr5\libgcc.a(_gt_sf.o)
 .debug_aranges
                0x000000a0       0x20 f:/courses/basic2on130123/tools/sdk_win_64/winavr/bin/../lib/gcc/avr/4.3.3/avr5\libgcc.a(_ge_sf.o)
 .debug_aranges
                0x000000c0       0x20 f:/courses/basic2on130123/tools/sdk_win_64/winavr/bin/../lib/gcc/avr/4.3.3/avr5\libgcc.a(_lt_sf.o)
 .debug_aranges
                0x000000e0       0x20 f:/courses/basic2on130123/tools/sdk_win_64/winavr/bin/../lib/gcc/avr/4.3.3/avr5\libgcc.a(_sf_to_si.o)
 .debug_aranges
                0x00000100       0x20 f:/courses/basic2on130123/tools/sdk_win_64/winavr/bin/../lib/gcc/avr/4.3.3/avr5\libgcc.a(_usi_to_sf.o)
 .debug_aranges
                0x00000120       0x20 f:/courses/basic2on130123/tools/sdk_win_64/winavr/bin/../lib/gcc/avr/4.3.3/avr5\libgcc.a(_clzsi2.o)
 .debug_aranges
                0x00000140       0x20 f:/courses/basic2on130123/tools/sdk_win_64/winavr/bin/../lib/gcc/avr/4.3.3/avr5\libgcc.a(_pack_sf.o)
 .debug_aranges
                0x00000160       0x20 f:/courses/basic2on130123/tools/sdk_win_64/winavr/bin/../lib/gcc/avr/4.3.3/avr5\libgcc.a(_unpack_sf.o)
 .debug_aranges
                0x00000180       0x20 f:/courses/basic2on130123/tools/sdk_win_64/winavr/bin/../lib/gcc/avr/4.3.3/avr5\libgcc.a(_fpcmp_parts_sf.o)

.debug_pubnames
                0x00000000      0x1f2
 *(.debug_pubnames)
 .debug_pubnames
                0x00000000       0x23 f:/courses/basic2on130123/tools/sdk_win_64/winavr/bin/../lib/gcc/avr/4.3.3/avr5\libgcc.a(_fixunssfsi.o)
 .debug_pubnames
                0x00000023       0x2c f:/courses/basic2on130123/tools/sdk_win_64/winavr/bin/../lib/gcc/avr/4.3.3/avr5\libgcc.a(_addsub_sf.o)
 .debug_pubnames
                0x0000004f       0x1f f:/courses/basic2on130123/tools/sdk_win_64/winavr/bin/../lib/gcc/avr/4.3.3/avr5\libgcc.a(_mul_sf.o)
 .debug_pubnames
                0x0000006e       0x1f f:/courses/basic2on130123/tools/sdk_win_64/winavr/bin/../lib/gcc/avr/4.3.3/avr5\libgcc.a(_div_sf.o)
 .debug_pubnames
                0x0000008d       0x1e f:/courses/basic2on130123/tools/sdk_win_64/winavr/bin/../lib/gcc/avr/4.3.3/avr5\libgcc.a(_gt_sf.o)
 .debug_pubnames
                0x000000ab       0x1e f:/courses/basic2on130123/tools/sdk_win_64/winavr/bin/../lib/gcc/avr/4.3.3/avr5\libgcc.a(_ge_sf.o)
 .debug_pubnames
                0x000000c9       0x1e f:/courses/basic2on130123/tools/sdk_win_64/winavr/bin/../lib/gcc/avr/4.3.3/avr5\libgcc.a(_lt_sf.o)
 .debug_pubnames
                0x000000e7       0x20 f:/courses/basic2on130123/tools/sdk_win_64/winavr/bin/../lib/gcc/avr/4.3.3/avr5\libgcc.a(_sf_to_si.o)
 .debug_pubnames
                0x00000107       0x22 f:/courses/basic2on130123/tools/sdk_win_64/winavr/bin/../lib/gcc/avr/4.3.3/avr5\libgcc.a(_thenan_sf.o)
 .debug_pubnames
                0x00000129       0x24 f:/courses/basic2on130123/tools/sdk_win_64/winavr/bin/../lib/gcc/avr/4.3.3/avr5\libgcc.a(_usi_to_sf.o)
 .debug_pubnames
                0x0000014d       0x1f f:/courses/basic2on130123/tools/sdk_win_64/winavr/bin/../lib/gcc/avr/4.3.3/avr5\libgcc.a(_clzsi2.o)
 .debug_pubnames
                0x0000016c       0x1f f:/courses/basic2on130123/tools/sdk_win_64/winavr/bin/../lib/gcc/avr/4.3.3/avr5\libgcc.a(_pack_sf.o)
 .debug_pubnames
                0x0000018b       0x21 f:/courses/basic2on130123/tools/sdk_win_64/winavr/bin/../lib/gcc/avr/4.3.3/avr5\libgcc.a(_unpack_sf.o)
 .debug_pubnames
                0x000001ac       0x26 f:/courses/basic2on130123/tools/sdk_win_64/winavr/bin/../lib/gcc/avr/4.3.3/avr5\libgcc.a(_fpcmp_parts_sf.o)
 .debug_pubnames
                0x000001d2       0x20 f:/courses/basic2on130123/tools/sdk_win_64/winavr/bin/../lib/gcc/avr/4.3.3/avr5\libgcc.a(_clz.o)

.debug_info     0x00000000     0x240b
 *(.debug_info)
 .debug_info    0x00000000       0xb1 f:/courses/basic2on130123/tools/sdk_win_64/winavr/bin/../lib/gcc/avr/4.3.3/avr5\libgcc.a(_fixunssfsi.o)
 .debug_info    0x000000b1      0x47a f:/courses/basic2on130123/tools/sdk_win_64/winavr/bin/../lib/gcc/avr/4.3.3/avr5\libgcc.a(_addsub_sf.o)
 .debug_info    0x0000052b      0x485 f:/courses/basic2on130123/tools/sdk_win_64/winavr/bin/../lib/gcc/avr/4.3.3/avr5\libgcc.a(_mul_sf.o)
 .debug_info    0x000009b0      0x3fc f:/courses/basic2on130123/tools/sdk_win_64/winavr/bin/../lib/gcc/avr/4.3.3/avr5\libgcc.a(_div_sf.o)
 .debug_info    0x00000dac      0x27f f:/courses/basic2on130123/tools/sdk_win_64/winavr/bin/../lib/gcc/avr/4.3.3/avr5\libgcc.a(_gt_sf.o)
 .debug_info    0x0000102b      0x27f f:/courses/basic2on130123/tools/sdk_win_64/winavr/bin/../lib/gcc/avr/4.3.3/avr5\libgcc.a(_ge_sf.o)
 .debug_info    0x000012aa      0x27f f:/courses/basic2on130123/tools/sdk_win_64/winavr/bin/../lib/gcc/avr/4.3.3/avr5\libgcc.a(_lt_sf.o)
 .debug_info    0x00001529      0x2b0 f:/courses/basic2on130123/tools/sdk_win_64/winavr/bin/../lib/gcc/avr/4.3.3/avr5\libgcc.a(_sf_to_si.o)
 .debug_info    0x000017d9      0x12c f:/courses/basic2on130123/tools/sdk_win_64/winavr/bin/../lib/gcc/avr/4.3.3/avr5\libgcc.a(_thenan_sf.o)
 .debug_info    0x00001905      0x206 f:/courses/basic2on130123/tools/sdk_win_64/winavr/bin/../lib/gcc/avr/4.3.3/avr5\libgcc.a(_usi_to_sf.o)
 .debug_info    0x00001b0b      0x117 f:/courses/basic2on130123/tools/sdk_win_64/winavr/bin/../lib/gcc/avr/4.3.3/avr5\libgcc.a(_clzsi2.o)
 .debug_info    0x00001c22      0x2df f:/courses/basic2on130123/tools/sdk_win_64/winavr/bin/../lib/gcc/avr/4.3.3/avr5\libgcc.a(_pack_sf.o)
 .debug_info    0x00001f01      0x251 f:/courses/basic2on130123/tools/sdk_win_64/winavr/bin/../lib/gcc/avr/4.3.3/avr5\libgcc.a(_unpack_sf.o)
 .debug_info    0x00002152      0x210 f:/courses/basic2on130123/tools/sdk_win_64/winavr/bin/../lib/gcc/avr/4.3.3/avr5\libgcc.a(_fpcmp_parts_sf.o)
 .debug_info    0x00002362       0xa9 f:/courses/basic2on130123/tools/sdk_win_64/winavr/bin/../lib/gcc/avr/4.3.3/avr5\libgcc.a(_clz.o)
 *(.gnu.linkonce.wi.*)

.debug_abbrev   0x00000000     0x1386
 *(.debug_abbrev)
 .debug_abbrev  0x00000000       0x5d f:/courses/basic2on130123/tools/sdk_win_64/winavr/bin/../lib/gcc/avr/4.3.3/avr5\libgcc.a(_fixunssfsi.o)
 .debug_abbrev  0x0000005d      0x1ea f:/courses/basic2on130123/tools/sdk_win_64/winavr/bin/../lib/gcc/avr/4.3.3/avr5\libgcc.a(_addsub_sf.o)
 .debug_abbrev  0x00000247      0x21b f:/courses/basic2on130123/tools/sdk_win_64/winavr/bin/../lib/gcc/avr/4.3.3/avr5\libgcc.a(_mul_sf.o)
 .debug_abbrev  0x00000462      0x216 f:/courses/basic2on130123/tools/sdk_win_64/winavr/bin/../lib/gcc/avr/4.3.3/avr5\libgcc.a(_div_sf.o)
 .debug_abbrev  0x00000678      0x15a f:/courses/basic2on130123/tools/sdk_win_64/winavr/bin/../lib/gcc/avr/4.3.3/avr5\libgcc.a(_gt_sf.o)
 .debug_abbrev  0x000007d2      0x15a f:/courses/basic2on130123/tools/sdk_win_64/winavr/bin/../lib/gcc/avr/4.3.3/avr5\libgcc.a(_ge_sf.o)
 .debug_abbrev  0x0000092c      0x15a f:/courses/basic2on130123/tools/sdk_win_64/winavr/bin/../lib/gcc/avr/4.3.3/avr5\libgcc.a(_lt_sf.o)
 .debug_abbrev  0x00000a86      0x17f f:/courses/basic2on130123/tools/sdk_win_64/winavr/bin/../lib/gcc/avr/4.3.3/avr5\libgcc.a(_sf_to_si.o)
 .debug_abbrev  0x00000c05       0xad f:/courses/basic2on130123/tools/sdk_win_64/winavr/bin/../lib/gcc/avr/4.3.3/avr5\libgcc.a(_thenan_sf.o)
 .debug_abbrev  0x00000cb2      0x157 f:/courses/basic2on130123/tools/sdk_win_64/winavr/bin/../lib/gcc/avr/4.3.3/avr5\libgcc.a(_usi_to_sf.o)
 .debug_abbrev  0x00000e09       0xc4 f:/courses/basic2on130123/tools/sdk_win_64/winavr/bin/../lib/gcc/avr/4.3.3/avr5\libgcc.a(_clzsi2.o)
 .debug_abbrev  0x00000ecd      0x1c0 f:/courses/basic2on130123/tools/sdk_win_64/winavr/bin/../lib/gcc/avr/4.3.3/avr5\libgcc.a(_pack_sf.o)
 .debug_abbrev  0x0000108d      0x154 f:/courses/basic2on130123/tools/sdk_win_64/winavr/bin/../lib/gcc/avr/4.3.3/avr5\libgcc.a(_unpack_sf.o)
 .debug_abbrev  0x000011e1      0x13b f:/courses/basic2on130123/tools/sdk_win_64/winavr/bin/../lib/gcc/avr/4.3.3/avr5\libgcc.a(_fpcmp_parts_sf.o)
 .debug_abbrev  0x0000131c       0x6a f:/courses/basic2on130123/tools/sdk_win_64/winavr/bin/../lib/gcc/avr/4.3.3/avr5\libgcc.a(_clz.o)

.debug_line     0x00000000     0x11d6
 *(.debug_line)
 .debug_line    0x00000000       0xa7 f:/courses/basic2on130123/tools/sdk_win_64/winavr/bin/../lib/gcc/avr/4.3.3/avr5\libgcc.a(_fixunssfsi.o)
 .debug_line    0x000000a7      0x2af f:/courses/basic2on130123/tools/sdk_win_64/winavr/bin/../lib/gcc/avr/4.3.3/avr5\libgcc.a(_addsub_sf.o)
 .debug_line    0x00000356      0x239 f:/courses/basic2on130123/tools/sdk_win_64/winavr/bin/../lib/gcc/avr/4.3.3/avr5\libgcc.a(_mul_sf.o)
 .debug_line    0x0000058f      0x1d5 f:/courses/basic2on130123/tools/sdk_win_64/winavr/bin/../lib/gcc/avr/4.3.3/avr5\libgcc.a(_div_sf.o)
 .debug_line    0x00000764       0xd3 f:/courses/basic2on130123/tools/sdk_win_64/winavr/bin/../lib/gcc/avr/4.3.3/avr5\libgcc.a(_gt_sf.o)
 .debug_line    0x00000837       0xd3 f:/courses/basic2on130123/tools/sdk_win_64/winavr/bin/../lib/gcc/avr/4.3.3/avr5\libgcc.a(_ge_sf.o)
 .debug_line    0x0000090a       0xd3 f:/courses/basic2on130123/tools/sdk_win_64/winavr/bin/../lib/gcc/avr/4.3.3/avr5\libgcc.a(_lt_sf.o)
 .debug_line    0x000009dd      0x109 f:/courses/basic2on130123/tools/sdk_win_64/winavr/bin/../lib/gcc/avr/4.3.3/avr5\libgcc.a(_sf_to_si.o)
 .debug_line    0x00000ae6       0x90 f:/courses/basic2on130123/tools/sdk_win_64/winavr/bin/../lib/gcc/avr/4.3.3/avr5\libgcc.a(_thenan_sf.o)
 .debug_line    0x00000b76      0x133 f:/courses/basic2on130123/tools/sdk_win_64/winavr/bin/../lib/gcc/avr/4.3.3/avr5\libgcc.a(_usi_to_sf.o)
 .debug_line    0x00000ca9       0xa5 f:/courses/basic2on130123/tools/sdk_win_64/winavr/bin/../lib/gcc/avr/4.3.3/avr5\libgcc.a(_clzsi2.o)
 .debug_line    0x00000d4e      0x18a f:/courses/basic2on130123/tools/sdk_win_64/winavr/bin/../lib/gcc/avr/4.3.3/avr5\libgcc.a(_pack_sf.o)
 .debug_line    0x00000ed8      0x14b f:/courses/basic2on130123/tools/sdk_win_64/winavr/bin/../lib/gcc/avr/4.3.3/avr5\libgcc.a(_unpack_sf.o)
 .debug_line    0x00001023      0x137 f:/courses/basic2on130123/tools/sdk_win_64/winavr/bin/../lib/gcc/avr/4.3.3/avr5\libgcc.a(_fpcmp_parts_sf.o)
 .debug_line    0x0000115a       0x7c f:/courses/basic2on130123/tools/sdk_win_64/winavr/bin/../lib/gcc/avr/4.3.3/avr5\libgcc.a(_clz.o)

.debug_frame    0x00000000      0x1c0
 *(.debug_frame)
 .debug_frame   0x00000000       0x20 f:/courses/basic2on130123/tools/sdk_win_64/winavr/bin/../lib/gcc/avr/4.3.3/avr5\libgcc.a(_fixunssfsi.o)
 .debug_frame   0x00000020       0x40 f:/courses/basic2on130123/tools/sdk_win_64/winavr/bin/../lib/gcc/avr/4.3.3/avr5\libgcc.a(_addsub_sf.o)
 .debug_frame   0x00000060       0x20 f:/courses/basic2on130123/tools/sdk_win_64/winavr/bin/../lib/gcc/avr/4.3.3/avr5\libgcc.a(_mul_sf.o)
 .debug_frame   0x00000080       0x20 f:/courses/basic2on130123/tools/sdk_win_64/winavr/bin/../lib/gcc/avr/4.3.3/avr5\libgcc.a(_div_sf.o)
 .debug_frame   0x000000a0       0x20 f:/courses/basic2on130123/tools/sdk_win_64/winavr/bin/../lib/gcc/avr/4.3.3/avr5\libgcc.a(_gt_sf.o)
 .debug_frame   0x000000c0       0x20 f:/courses/basic2on130123/tools/sdk_win_64/winavr/bin/../lib/gcc/avr/4.3.3/avr5\libgcc.a(_ge_sf.o)
 .debug_frame   0x000000e0       0x20 f:/courses/basic2on130123/tools/sdk_win_64/winavr/bin/../lib/gcc/avr/4.3.3/avr5\libgcc.a(_lt_sf.o)
 .debug_frame   0x00000100       0x20 f:/courses/basic2on130123/tools/sdk_win_64/winavr/bin/../lib/gcc/avr/4.3.3/avr5\libgcc.a(_sf_to_si.o)
 .debug_frame   0x00000120       0x20 f:/courses/basic2on130123/tools/sdk_win_64/winavr/bin/../lib/gcc/avr/4.3.3/avr5\libgcc.a(_usi_to_sf.o)
 .debug_frame   0x00000140       0x20 f:/courses/basic2on130123/tools/sdk_win_64/winavr/bin/../lib/gcc/avr/4.3.3/avr5\libgcc.a(_clzsi2.o)
 .debug_frame   0x00000160       0x20 f:/courses/basic2on130123/tools/sdk_win_64/winavr/bin/../lib/gcc/avr/4.3.3/avr5\libgcc.a(_pack_sf.o)
 .debug_frame   0x00000180       0x20 f:/courses/basic2on130123/tools/sdk_win_64/winavr/bin/../lib/gcc/avr/4.3.3/avr5\libgcc.a(_unpack_sf.o)
 .debug_frame   0x000001a0       0x20 f:/courses/basic2on130123/tools/sdk_win_64/winavr/bin/../lib/gcc/avr/4.3.3/avr5\libgcc.a(_fpcmp_parts_sf.o)

.debug_str      0x00000000      0x2f6
 *(.debug_str)
 .debug_str     0x00000000       0xbf f:/courses/basic2on130123/tools/sdk_win_64/winavr/bin/../lib/gcc/avr/4.3.3/avr5\libgcc.a(_fixunssfsi.o)
                                 0xfe (size before relaxing)
 .debug_str     0x000000bf      0x14d f:/courses/basic2on130123/tools/sdk_win_64/winavr/bin/../lib/gcc/avr/4.3.3/avr5\libgcc.a(_addsub_sf.o)
                                0x206 (size before relaxing)
 .debug_str     0x0000020c       0x27 f:/courses/basic2on130123/tools/sdk_win_64/winavr/bin/../lib/gcc/avr/4.3.3/avr5\libgcc.a(_mul_sf.o)
                                0x1bf (size before relaxing)
 .debug_str     0x00000233       0x35 f:/courses/basic2on130123/tools/sdk_win_64/winavr/bin/../lib/gcc/avr/4.3.3/avr5\libgcc.a(_div_sf.o)
                                0x1c8 (size before relaxing)
 .debug_str     0x00000268        0x8 f:/courses/basic2on130123/tools/sdk_win_64/winavr/bin/../lib/gcc/avr/4.3.3/avr5\libgcc.a(_gt_sf.o)
                                0x195 (size before relaxing)
 .debug_str     0x00000270        0x8 f:/courses/basic2on130123/tools/sdk_win_64/winavr/bin/../lib/gcc/avr/4.3.3/avr5\libgcc.a(_ge_sf.o)
                                0x195 (size before relaxing)
 .debug_str     0x00000278        0x8 f:/courses/basic2on130123/tools/sdk_win_64/winavr/bin/../lib/gcc/avr/4.3.3/avr5\libgcc.a(_lt_sf.o)
                                0x195 (size before relaxing)
 .debug_str     0x00000280        0xa f:/courses/basic2on130123/tools/sdk_win_64/winavr/bin/../lib/gcc/avr/4.3.3/avr5\libgcc.a(_sf_to_si.o)
                                0x19e (size before relaxing)
 .debug_str     0x00000000      0x103 f:/courses/basic2on130123/tools/sdk_win_64/winavr/bin/../lib/gcc/avr/4.3.3/avr5\libgcc.a(_thenan_sf.o)
 .debug_str     0x0000028a       0x21 f:/courses/basic2on130123/tools/sdk_win_64/winavr/bin/../lib/gcc/avr/4.3.3/avr5\libgcc.a(_usi_to_sf.o)
                                0x177 (size before relaxing)
 .debug_str     0x000002ab       0x20 f:/courses/basic2on130123/tools/sdk_win_64/winavr/bin/../lib/gcc/avr/4.3.3/avr5\libgcc.a(_clzsi2.o)
                                0x111 (size before relaxing)
 .debug_str     0x000002cb       0x10 f:/courses/basic2on130123/tools/sdk_win_64/winavr/bin/../lib/gcc/avr/4.3.3/avr5\libgcc.a(_pack_sf.o)
                                0x19d (size before relaxing)
 .debug_str     0x000002db        0xb f:/courses/basic2on130123/tools/sdk_win_64/winavr/bin/../lib/gcc/avr/4.3.3/avr5\libgcc.a(_unpack_sf.o)
                                0x17f (size before relaxing)
 .debug_str     0x000002e6       0x10 f:/courses/basic2on130123/tools/sdk_win_64/winavr/bin/../lib/gcc/avr/4.3.3/avr5\libgcc.a(_fpcmp_parts_sf.o)
                                0x163 (size before relaxing)
 .debug_str     0x00000000       0xf4 f:/courses/basic2on130123/tools/sdk_win_64/winavr/bin/../lib/gcc/avr/4.3.3/avr5\libgcc.a(_clz.o)

.debug_loc      0x00000000      0x96e
 *(.debug_loc)
 .debug_loc     0x00000000       0x34 f:/courses/basic2on130123/tools/sdk_win_64/winavr/bin/../lib/gcc/avr/4.3.3/avr5\libgcc.a(_fixunssfsi.o)
 .debug_loc     0x00000034      0x32a f:/courses/basic2on130123/tools/sdk_win_64/winavr/bin/../lib/gcc/avr/4.3.3/avr5\libgcc.a(_addsub_sf.o)
 .debug_loc     0x0000035e      0x104 f:/courses/basic2on130123/tools/sdk_win_64/winavr/bin/../lib/gcc/avr/4.3.3/avr5\libgcc.a(_mul_sf.o)
 .debug_loc     0x00000462       0xc0 f:/courses/basic2on130123/tools/sdk_win_64/winavr/bin/../lib/gcc/avr/4.3.3/avr5\libgcc.a(_div_sf.o)
 .debug_loc     0x00000522       0x3c f:/courses/basic2on130123/tools/sdk_win_64/winavr/bin/../lib/gcc/avr/4.3.3/avr5\libgcc.a(_gt_sf.o)
 .debug_loc     0x0000055e       0x3c f:/courses/basic2on130123/tools/sdk_win_64/winavr/bin/../lib/gcc/avr/4.3.3/avr5\libgcc.a(_ge_sf.o)
 .debug_loc     0x0000059a       0x3c f:/courses/basic2on130123/tools/sdk_win_64/winavr/bin/../lib/gcc/avr/4.3.3/avr5\libgcc.a(_lt_sf.o)
 .debug_loc     0x000005d6       0x7e f:/courses/basic2on130123/tools/sdk_win_64/winavr/bin/../lib/gcc/avr/4.3.3/avr5\libgcc.a(_sf_to_si.o)
 .debug_loc     0x00000654       0x4c f:/courses/basic2on130123/tools/sdk_win_64/winavr/bin/../lib/gcc/avr/4.3.3/avr5\libgcc.a(_usi_to_sf.o)
 .debug_loc     0x000006a0       0x94 f:/courses/basic2on130123/tools/sdk_win_64/winavr/bin/../lib/gcc/avr/4.3.3/avr5\libgcc.a(_clzsi2.o)
 .debug_loc     0x00000734      0x13e f:/courses/basic2on130123/tools/sdk_win_64/winavr/bin/../lib/gcc/avr/4.3.3/avr5\libgcc.a(_pack_sf.o)
 .debug_loc     0x00000872       0xac f:/courses/basic2on130123/tools/sdk_win_64/winavr/bin/../lib/gcc/avr/4.3.3/avr5\libgcc.a(_unpack_sf.o)
 .debug_loc     0x0000091e       0x50 f:/courses/basic2on130123/tools/sdk_win_64/winavr/bin/../lib/gcc/avr/4.3.3/avr5\libgcc.a(_fpcmp_parts_sf.o)

.debug_macinfo
 *(.debug_macinfo)
OUTPUT(LDR_garageSystem.elf elf32-avr)
LOAD linker stubs

.debug_ranges   0x00000000       0x50
 .debug_ranges  0x00000000       0x50 f:/courses/basic2on130123/tools/sdk_win_64/winavr/bin/../lib/gcc/avr/4.3.3/avr5\libgcc.a(_mul_sf.o)
